---
source: src/lib.rs
expression: serializer
snapshot_kind: text
---
{
  "bevy_light::directional_light::DirectionalLight": {
    "color": {
      "LinearRgba": {
        "red": 1.0,
        "green": 1.0,
        "blue": 1.0,
        "alpha": 1.0
      }
    },
    "illuminance": 10000.0,
    "shadows_enabled": false,
    "affects_lightmapped_mesh_diffuse": true,
    "shadow_depth_bias": 0.02,
    "shadow_normal_bias": 1.8
  }
}
