---
source: src/lib.rs
expression: serializer
snapshot_kind: text
---
{
  "bevy_sprite::sprite::Sprite": {
    "image": {
      "Weak": {
        "Uuid": {
          "uuid": "97128bb1-2588-480b-bdc6-87b4adbec477"
        }
      }
    },
    "texture_atlas": null,
    "color": {
      "LinearRgba": {
        "red": 1.0,
        "green": 1.0,
        "blue": 1.0,
        "alpha": 1.0
      }
    },
    "flip_x": false,
    "flip_y": false,
    "custom_size": null,
    "rect": null,
    "anchor": "Center",
    "image_mode": "Auto"
  }
}
