---
source: src/lib.rs
expression: serializer
snapshot_kind: text
---
{
  "bevy_core_pipeline::post_process::ChromaticAberration": {
    "color_lut": {
      "Weak": {
        "Uuid": {
          "uuid": "dc3e3307-40a1-49bb-be6d-e0634e8836b2"
        }
      }
    },
    "intensity": 0.02,
    "max_samples": 8
  }
}
