---
source: src/lib.rs
expression: serializer
snapshot_kind: text
---
{
  "test_components::SuperGlam": {
    "vec2": [
      0.0,
      0.0
    ],
    "vec3": [
      0.0,
      0.0,
      0.0
    ],
    "vec3a": [
      0.0,
      0.0,
      0.0
    ],
    "vec4": [
      0.0,
      0.0,
      0.0,
      0.0
    ],
    "mat2": [
      1.0,
      0.0,
      0.0,
      1.0
    ],
    "mat3": [
      1.0,
      0.0,
      0.0,
      0.0,
      1.0,
      0.0,
      0.0,
      0.0,
      1.0
    ],
    "mat3a": [
      1.0,
      0.0,
      0.0,
      0.0,
      1.0,
      0.0,
      0.0,
      0.0,
      1.0
    ],
    "mat4": [
      1.0,
      0.0,
      0.0,
      0.0,
      0.0,
      1.0,
      0.0,
      0.0,
      0.0,
      0.0,
      1.0,
      0.0,
      0.0,
      0.0,
      0.0,
      1.0
    ],
    "quat": [
      0.0,
      0.0,
      0.0,
      1.0
    ],
    "affine2": [
      1.0,
      0.0,
      0.0,
      1.0,
      0.0,
      0.0
    ],
    "affine3a": [
      1.0,
      0.0,
      0.0,
      0.0,
      1.0,
      0.0,
      0.0,
      0.0,
      1.0,
      0.0,
      0.0,
      0.0
    ],
    "d_vec2": [
      0.0,
      0.0
    ],
    "d_vec3": [
      0.0,
      0.0,
      0.0
    ],
    "d_vec4": [
      0.0,
      0.0,
      0.0,
      0.0
    ],
    "d_mat2": [
      1.0,
      0.0,
      0.0,
      1.0
    ],
    "d_mat3": [
      1.0,
      0.0,
      0.0,
      0.0,
      1.0,
      0.0,
      0.0,
      0.0,
      1.0
    ],
    "d_mat4": [
      1.0,
      0.0,
      0.0,
      0.0,
      0.0,
      1.0,
      0.0,
      0.0,
      0.0,
      0.0,
      1.0,
      0.0,
      0.0,
      0.0,
      0.0,
      1.0
    ],
    "d_quat": [
      0.0,
      0.0,
      0.0,
      1.0
    ],
    "d_affine2": [
      1.0,
      0.0,
      0.0,
      1.0,
      0.0,
      0.0
    ],
    "d_affine3": [
      1.0,
      0.0,
      0.0,
      0.0,
      1.0,
      0.0,
      0.0,
      0.0,
      1.0,
      0.0,
      0.0,
      0.0
    ],
    "i8_vec2": [
      0,
      0
    ],
    "i8_vec3": [
      0,
      0,
      0
    ],
    "i8_vec4": [
      0,
      0,
      0,
      0
    ],
    "u8_vec2": [
      0,
      0
    ],
    "u8_vec3": [
      0,
      0,
      0
    ],
    "u8_vec4": [
      0,
      0,
      0,
      0
    ],
    "i16_vec2": [
      0,
      0
    ],
    "i16_vec3": [
      0,
      0,
      0
    ],
    "i16_vec4": [
      0,
      0,
      0,
      0
    ],
    "u16_vec2": [
      0,
      0
    ],
    "u16_vec3": [
      0,
      0,
      0
    ],
    "u16_vec4": [
      0,
      0,
      0,
      0
    ],
    "i_vec2": [
      0,
      0
    ],
    "i_vec3": [
      0,
      0,
      0
    ],
    "i_vec4": [
      0,
      0,
      0,
      0
    ],
    "u_vec2": [
      0,
      0
    ],
    "u_vec3": [
      0,
      0,
      0
    ],
    "u_vec4": [
      0,
      0,
      0,
      0
    ],
    "i64_vec2": [
      0,
      0
    ],
    "i64_vec3": [
      0,
      0,
      0
    ],
    "i64_vec4": [
      0,
      0,
      0,
      0
    ],
    "u64_vec2": [
      0,
      0
    ],
    "u64_vec3": [
      0,
      0,
      0
    ],
    "u64_vec4": [
      0,
      0,
      0,
      0
    ],
    "b_vec2": [
      false,
      false
    ],
    "b_vec3": [
      false,
      false,
      false
    ],
    "b_vec4": [
      false,
      false,
      false,
      false
    ]
  }
}
