---
source: src/lib.rs
expression: serializer
snapshot_kind: text
---
{
  "bevy_audio::audio::PlaybackSettings": {
    "mode": "Once",
    "volume": {
      "Linear": 1.0
    },
    "speed": 1.0,
    "paused": false,
    "muted": false,
    "spatial": false,
    "spatial_scale": null,
    "start_position": null,
    "duration": null
  }
}
